21:58:21 **** Incremental Build of configuration Debug for project CAN_BUS ****
make -j12 all 
arm-none-eabi-gcc "../Core/Src/main.c" -mcpu=cortex-m4 -std=gnu11 -g3 -DDEBUG -DUSE_HAL_DRIVER -DSTM32F446xx -c -I../Core/Inc -I../Drivers/STM32F4xx_HAL_Driver/Inc -I../Drivers/STM32F4xx_HAL_Driver/Inc/Legacy -I../Drivers/CMSIS/Device/ST/STM32F4xx/Include -I../Drivers/CMSIS/Include -O0 -ffunction-sections -fdata-sections -Wall -fstack-usage -MMD -MP -MF"Core/Src/main.d" -MT"Core/Src/main.o" --specs=nano.specs -mfpu=fpv4-sp-d16 -mfloat-abi=hard -mthumb -o "Core/Src/main.o"
arm-none-eabi-g++ -o "CAN_BUS.elf" @"objects.list"   -mcpu=cortex-m4 -T"C:\Users\Rara_\Documents\GitHub\MyCustomLEDPCB\STM32 Firmware and API\CAN_BUS\STM32F446RETX_FLASH.ld" --specs=nosys.specs -Wl,-Map="CAN_BUS.map" -Wl,--gc-sections -static --specs=nano.specs -mfpu=fpv4-sp-d16 -mfloat-abi=hard -mthumb -Wl,--start-group -lc -lm -lstdc++ -lsupc++ -Wl,--end-group
Finished building target: CAN_BUS.elf
 
arm-none-eabi-size   CAN_BUS.elf 
arm-none-eabi-objdump -h -S  CAN_BUS.elf  > "CAN_BUS.list"
arm-none-eabi-objcopy  -O binary  CAN_BUS.elf  "CAN_BUS.bin"
   text	   data	    bss	    dec	    hex	filename
  11660	     20	   1748	  13428	   3474	CAN_BUS.elf
Finished building: default.size.stdout
 
Finished building: CAN_BUS.bin
 
Finished building: CAN_BUS.list
 

21:58:22 Build Finished. 0 errors, 0 warnings. (took 1s.351ms)

