Archive member included to satisfy reference by file (symbol)

c:/st/stm32cubeide_1.8.0/stm32cubeide/plugins/com.st.stm32cube.ide.mcu.externaltools.gnu-tools-for-stm32.9-2020-q2-update.win32_2.0.0.202105311346/tools/bin/../lib/gcc/arm-none-eabi/9.3.1/../../../../arm-none-eabi/lib/thumb/v7e-m+fp/hard\libc_nano.a(lib_a-errno.o)
                              ./Core/Src/syscalls.o (__errno)
c:/st/stm32cubeide_1.8.0/stm32cubeide/plugins/com.st.stm32cube.ide.mcu.externaltools.gnu-tools-for-stm32.9-2020-q2-update.win32_2.0.0.202105311346/tools/bin/../lib/gcc/arm-none-eabi/9.3.1/../../../../arm-none-eabi/lib/thumb/v7e-m+fp/hard\libc_nano.a(lib_a-exit.o)
                              c:/st/stm32cubeide_1.8.0/stm32cubeide/plugins/com.st.stm32cube.ide.mcu.externaltools.gnu-tools-for-stm32.9-2020-q2-update.win32_2.0.0.202105311346/tools/bin/../lib/gcc/arm-none-eabi/9.3.1/../../../../arm-none-eabi/lib/thumb/v7e-m+fp/hard/crt0.o (exit)
c:/st/stm32cubeide_1.8.0/stm32cubeide/plugins/com.st.stm32cube.ide.mcu.externaltools.gnu-tools-for-stm32.9-2020-q2-update.win32_2.0.0.202105311346/tools/bin/../lib/gcc/arm-none-eabi/9.3.1/../../../../arm-none-eabi/lib/thumb/v7e-m+fp/hard\libc_nano.a(lib_a-impure.o)
                              c:/st/stm32cubeide_1.8.0/stm32cubeide/plugins/com.st.stm32cube.ide.mcu.externaltools.gnu-tools-for-stm32.9-2020-q2-update.win32_2.0.0.202105311346/tools/bin/../lib/gcc/arm-none-eabi/9.3.1/../../../../arm-none-eabi/lib/thumb/v7e-m+fp/hard\libc_nano.a(lib_a-exit.o) (_global_impure_ptr)
c:/st/stm32cubeide_1.8.0/stm32cubeide/plugins/com.st.stm32cube.ide.mcu.externaltools.gnu-tools-for-stm32.9-2020-q2-update.win32_2.0.0.202105311346/tools/bin/../lib/gcc/arm-none-eabi/9.3.1/../../../../arm-none-eabi/lib/thumb/v7e-m+fp/hard\libc_nano.a(lib_a-init.o)
                              c:/st/stm32cubeide_1.8.0/stm32cubeide/plugins/com.st.stm32cube.ide.mcu.externaltools.gnu-tools-for-stm32.9-2020-q2-update.win32_2.0.0.202105311346/tools/bin/../lib/gcc/arm-none-eabi/9.3.1/../../../../arm-none-eabi/lib/thumb/v7e-m+fp/hard/crt0.o (__libc_init_array)
c:/st/stm32cubeide_1.8.0/stm32cubeide/plugins/com.st.stm32cube.ide.mcu.externaltools.gnu-tools-for-stm32.9-2020-q2-update.win32_2.0.0.202105311346/tools/bin/../lib/gcc/arm-none-eabi/9.3.1/../../../../arm-none-eabi/lib/thumb/v7e-m+fp/hard\libc_nano.a(lib_a-memset.o)
                              c:/st/stm32cubeide_1.8.0/stm32cubeide/plugins/com.st.stm32cube.ide.mcu.externaltools.gnu-tools-for-stm32.9-2020-q2-update.win32_2.0.0.202105311346/tools/bin/../lib/gcc/arm-none-eabi/9.3.1/../../../../arm-none-eabi/lib/thumb/v7e-m+fp/hard/crt0.o (memset)
c:/st/stm32cubeide_1.8.0/stm32cubeide/plugins/com.st.stm32cube.ide.mcu.externaltools.gnu-tools-for-stm32.9-2020-q2-update.win32_2.0.0.202105311346/tools/bin/../lib/gcc/arm-none-eabi/9.3.1/../../../../arm-none-eabi/lib/thumb/v7e-m+fp/hard\libc_nano.a(lib_a-printf.o)
                              ./Core/Src/main.o (printf)
c:/st/stm32cubeide_1.8.0/stm32cubeide/plugins/com.st.stm32cube.ide.mcu.externaltools.gnu-tools-for-stm32.9-2020-q2-update.win32_2.0.0.202105311346/tools/bin/../lib/gcc/arm-none-eabi/9.3.1/../../../../arm-none-eabi/lib/thumb/v7e-m+fp/hard\libc_nano.a(lib_a-findfp.o)
                              c:/st/stm32cubeide_1.8.0/stm32cubeide/plugins/com.st.stm32cube.ide.mcu.externaltools.gnu-tools-for-stm32.9-2020-q2-update.win32_2.0.0.202105311346/tools/bin/../lib/gcc/arm-none-eabi/9.3.1/../../../../arm-none-eabi/lib/thumb/v7e-m+fp/hard\libc_nano.a(lib_a-printf.o) (__sinit)
c:/st/stm32cubeide_1.8.0/stm32cubeide/plugins/com.st.stm32cube.ide.mcu.externaltools.gnu-tools-for-stm32.9-2020-q2-update.win32_2.0.0.202105311346/tools/bin/../lib/gcc/arm-none-eabi/9.3.1/../../../../arm-none-eabi/lib/thumb/v7e-m+fp/hard\libc_nano.a(lib_a-fwalk.o)
                              c:/st/stm32cubeide_1.8.0/stm32cubeide/plugins/com.st.stm32cube.ide.mcu.externaltools.gnu-tools-for-stm32.9-2020-q2-update.win32_2.0.0.202105311346/tools/bin/../lib/gcc/arm-none-eabi/9.3.1/../../../../arm-none-eabi/lib/thumb/v7e-m+fp/hard\libc_nano.a(lib_a-findfp.o) (_fwalk)
c:/st/stm32cubeide_1.8.0/stm32cubeide/plugins/com.st.stm32cube.ide.mcu.externaltools.gnu-tools-for-stm32.9-2020-q2-update.win32_2.0.0.202105311346/tools/bin/../lib/gcc/arm-none-eabi/9.3.1/../../../../arm-none-eabi/lib/thumb/v7e-m+fp/hard\libc_nano.a(lib_a-lock.o)
                              c:/st/stm32cubeide_1.8.0/stm32cubeide/plugins/com.st.stm32cube.ide.mcu.externaltools.gnu-tools-for-stm32.9-2020-q2-update.win32_2.0.0.202105311346/tools/bin/../lib/gcc/arm-none-eabi/9.3.1/../../../../arm-none-eabi/lib/thumb/v7e-m+fp/hard\libc_nano.a(lib_a-findfp.o) (__retarget_lock_init_recursive)
c:/st/stm32cubeide_1.8.0/stm32cubeide/plugins/com.st.stm32cube.ide.mcu.externaltools.gnu-tools-for-stm32.9-2020-q2-update.win32_2.0.0.202105311346/tools/bin/../lib/gcc/arm-none-eabi/9.3.1/../../../../arm-none-eabi/lib/thumb/v7e-m+fp/hard\libc_nano.a(lib_a-nano-mallocr.o)
[...]
Memory Configuration

Name             Origin             Length             Attributes
RAM              0x0000000020000000 0x0000000000020000 xrw
FLASH            0x0000000008000000 0x0000000000080000 xr
*default*        0x0000000000000000 0xffffffffffffffff

Linker script and memory map

LOAD c:/st/stm32cubeide_1.8.0/stm32cubeide/plugins/com.st.stm32cube.ide.mcu.externaltools.gnu-tools-for-stm32.9-2020-q2-update.win32_2.0.0.202105311346/tools/bin/../lib/gcc/arm-none-eabi/9.3.1/thumb/v7e-m+fp/hard/crti.o
LOAD c:/st/stm32cubeide_1.8.0/stm32cubeide/plugins/com.st.stm32cube.ide.mcu.externaltools.gnu-tools-for-stm32.9-2020-q2-update.win32_2.0.0.202105311346/tools/bin/../lib/gcc/arm-none-eabi/9.3.1/thumb/v7e-m+fp/hard/crtbegin.o
LOAD c:/st/stm32cubeide_1.8.0/stm32cubeide/plugins/com.st.stm32cube.ide.mcu.externaltools.gnu-tools-for-stm32.9-2020-q2-update.win32_2.0.0.202105311346/tools/bin/../lib/gcc/arm-none-eabi/9.3.1/../../../../arm-none-eabi/lib/thumb/v7e-m+fp/hard/crt0.o
LOAD ./Core/Src/main.o
LOAD ./Core/Src/stm32f4xx_hal_msp.o
LOAD ./Core/Src/stm32f4xx_it.o
LOAD ./Core/Src/syscalls.o
LOAD ./Core/Src/sysmem.o
LOAD ./Core/Src/system_stm32f4xx.o
LOAD ./Core/Startup/startup_stm32f446retx.o
LOAD ./Drivers/STM32F4xx_HAL_Driver/Src/stm32f4xx_hal.o
LOAD ./Drivers/STM32F4xx_HAL_Driver/Src/stm32f4xx_hal_can.o
LOAD ./Drivers/STM32F4xx_HAL_Driver/Src/stm32f4xx_hal_cortex.o
LOAD ./Drivers/STM32F4xx_HAL_Driver/Src/stm32f4xx_hal_dma.o
LOAD ./Drivers/STM32F4xx_HAL_Driver/Src/stm32f4xx_hal_dma_ex.o
LOAD ./Drivers/STM32F4xx_HAL_Driver/Src/stm32f4xx_hal_exti.o
LOAD ./Drivers/STM32F4xx_HAL_Driver/Src/stm32f4xx_hal_flash.o
LOAD ./Drivers/STM32F4xx_HAL_Driver/Src/stm32f4xx_hal_flash_ex.o
LOAD ./Drivers/STM32F4xx_HAL_Driver/Src/stm32f4xx_hal_flash_ramfunc.o
LOAD ./Drivers/STM32F4xx_HAL_Driver/Src/stm32f4xx_hal_gpio.o
LOAD ./Drivers/STM32F4xx_HAL_Driver/Src/stm32f4xx_hal_i2c.o
LOAD ./Drivers/STM32F4xx_HAL_Driver/Src/stm32f4xx_hal_i2c_ex.o
LOAD ./Drivers/STM32F4xx_HAL_Driver/Src/stm32f4xx_hal_pwr.o
LOAD ./Drivers/STM32F4xx_HAL_Driver/Src/stm32f4xx_hal_pwr_ex.o
LOAD ./Drivers/STM32F4xx_HAL_Driver/Src/stm32f4xx_hal_rcc.o
LOAD ./Drivers/STM32F4xx_HAL_Driver/Src/stm32f4xx_hal_rcc_ex.o
LOAD ./Drivers/STM32F4xx_HAL_Driver/Src/stm32f4xx_hal_spi.o
LOAD ./Drivers/STM32F4xx_HAL_Driver/Src/stm32f4xx_hal_tim.o
LOAD ./Drivers/STM32F4xx_HAL_Driver/Src/stm32f4xx_hal_tim_ex.o
LOAD ./Drivers/STM32F4xx_HAL_Driver/Src/stm32f4xx_hal_uart.o
LOAD ./MyDelay/MyDelay.o
START GROUP
LOAD c:/st/stm32cubeide_1.8.0/stm32cubeide/plugins/com.st.stm32cube.ide.mcu.externaltools.gnu-tools-for-stm32.9-2020-q2-update.win32_2.0.0.202105311346/tools/bin/../lib/gcc/arm-none-eabi/9.3.1/../../../../arm-none-eabi/lib/thumb/v7e-m+fp/hard\libc_nano.a
LOAD c:/st/stm32cubeide_1.8.0/stm32cubeide/plugins/com.st.stm32cube.ide.mcu.externaltools.gnu-tools-for-stm32.9-2020-q2-update.win32_2.0.0.202105311346/tools/bin/../lib/gcc/arm-none-eabi/9.3.1/../../../../arm-none-eabi/lib/thumb/v7e-m+fp/hard\libm.a
END GROUP
START GROUP
LOAD c:/st/stm32cubeide_1.8.0/stm32cubeide/plugins/com.st.stm32cube.ide.mcu.externaltools.gnu-tools-for-stm32.9-2020-q2-update.win32_2.0.0.202105311346/tools/bin/../lib/gcc/arm-none-eabi/9.3.1/thumb/v7e-m+fp/hard\libgcc.a
LOAD c:/st/stm32cubeide_1.8.0/stm32cubeide/plugins/com.st.stm32cube.ide.mcu.externaltools.gnu-tools-for-stm32.9-2020-q2-update.win32_2.0.0.202105311346/tools/bin/../lib/gcc/arm-none-eabi/9.3.1/../../../../arm-none-eabi/lib/thumb/v7e-m+fp/hard\libc_nano.a
END GROUP
START GROUP
LOAD c:/st/stm32cubeide_1.8.0/stm32cubeide/plugins/com.st.stm32cube.ide.mcu.externaltools.gnu-tools-for-stm32.9-2020-q2-update.win32_2.0.0.202105311346/tools/bin/../lib/gcc/arm-none-eabi/9.3.1/thumb/v7e-m+fp/hard\libgcc.a
LOAD c:/st/stm32cubeide_1.8.0/stm32cubeide/plugins/com.st.stm32cube.ide.mcu.externaltools.gnu-tools-for-stm32.9-2020-q2-update.win32_2.0.0.202105311346/tools/bin/../lib/gcc/arm-none-eabi/9.3.1/../../../../arm-none-eabi/lib/thumb/v7e-m+fp/hard\libc_nano.a
LOAD c:/st/stm32cubeide_1.8.0/stm32cubeide/plugins/com.st.stm32cube.ide.mcu.externaltools.gnu-tools-for-stm32.9-2020-q2-update.win32_2.0.0.202105311346/tools/bin/../lib/gcc/arm-none-eabi/9.3.1/../../../../arm-none-eabi/lib/thumb/v7e-m+fp/hard\libnosys.a
END GROUP
START GROUP
LOAD c:/st/stm32cubeide_1.8.0/stm32cubeide/plugins/com.st.stm32cube.ide.mcu.externaltools.gnu-tools-for-stm32.9-2020-q2-update.win32_2.0.0.202105311346/tools/bin/../lib/gcc/arm-none-eabi/9.3.1/thumb/v7e-m+fp/hard\libgcc.a
LOAD c:/st/stm32cubeide_1.8.0/stm32cubeide/plugins/com.st.stm32cube.ide.mcu.externaltools.gnu-tools-for-stm32.9-2020-q2-update.win32_2.0.0.202105311346/tools/bin/../lib/gcc/arm-none-eabi/9.3.1/../../../../arm-none-eabi/lib/thumb/v7e-m+fp/hard\libc_nano.a
LOAD c:/st/stm32cubeide_1.8.0/stm32cubeide/plugins/com.st.stm32cube.ide.mcu.externaltools.gnu-tools-for-stm32.9-2020-q2-update.win32_2.0.0.202105311346/tools/bin/../lib/gcc/arm-none-eabi/9.3.1/../../../../arm-none-eabi/lib/thumb/v7e-m+fp/hard\libnosys.a
END GROUP
LOAD c:/st/stm32cubeide_1.8.0/stm32cubeide/plugins/com.st.stm32cube.ide.mcu.externaltools.gnu-tools-for-stm32.9-2020-q2-update.win32_2.0.0.202105311346/tools/bin/../lib/gcc/arm-none-eabi/9.3.1/thumb/v7e-m+fp/hard/crtend.o
LOAD c:/st/stm32cubeide_1.8.0/stm32cubeide/plugins/com.st.stm32cube.ide.mcu.externaltools.gnu-tools-for-stm32.9-2020-q2-update.win32_2.0.0.202105311346/tools/bin/../lib/gcc/arm-none-eabi/9.3.1/thumb/v7e-m+fp/hard/crtn.o
                0x0000000020020000                _estack = (ORIGIN (RAM) + LENGTH (RAM))
                0x0000000000000200                _Min_Heap_Size = 0x200
                0x0000000000000400                _Min_Stack_Size = 0x400

.isr_vector     0x0000000008000000      0x1c4
                0x0000000008000000                . = ALIGN (0x4)
 *(.isr_vector)
 .isr_vector    0x0000000008000000      0x1c4 ./Core/Startup/startup_stm32f446retx.o
                0x0000000008000000                g_pfnVectors
                0x00000000080001c4                . = ALIGN (0x4)

.text           0x00000000080001c4     0x3e4c
                0x00000000080001c4                . = ALIGN (0x4)
 *(.text)
 .text          0x00000000080001c4       0x40 c:/st/stm32cubeide_1.8.0/stm32cubeide/plugins/com.st.stm32cube.ide.mcu.externaltools.gnu-tools-for-stm32.9-2020-q2-update.win32_2.0.0.202105311346/tools/bin/../lib/gcc/arm-none-eabi/9.3.1/thumb/v7e-m+fp/hard/crtbegin.o
 .text          0x0000000008000204       0x30 c:/st/stm32cubeide_1.8.0/stm32cubeide/plugins/com.st.stm32cube.ide.mcu.externaltools.gnu-tools-for-stm32.9-2020-q2-update.win32_2.0.0.202105311346/tools/bin/../lib/gcc/arm-none-eabi/9.3.1/thumb/v7e-m+fp/hard\libgcc.a(_aeabi_uldivmod.o)
                0x0000000008000204                __aeabi_uldivmod
 .text          0x0000000008000234      0x2c4 c:/st/stm32cubeide_1.8.0/stm32cubeide/plugins/com.st.stm32cube.ide.mcu.externaltools.gnu-tools-for-stm32.9-2020-q2-update.win32_2.0.0.202105311346/tools/bin/../lib/gcc/arm-none-eabi/9.3.1/thumb/v7e-m+fp/hard\libgcc.a(_udivmoddi4.o)
                0x0000000008000234                __udivmoddi4
 .text          0x00000000080004f8        0x4 c:/st/stm32cubeide_1.8.0/stm32cubeide/plugins/com.st.stm32cube.ide.mcu.externaltools.gnu-tools-for-stm32.9-2020-q2-update.win32_2.0.0.202105311346/tools/bin/../lib/gcc/arm-none-eabi/9.3.1/thumb/v7e-m+fp/hard\libgcc.a(_dvmd_tls.o)
                0x00000000080004f8                __aeabi_idiv0
                0x00000000080004f8                __aeabi_ldiv0
 *(.text*)
 .text.main     0x00000000080004fc       0x2e ./Core/Src/main.o
                0x00000000080004fc                main
 *fill*         0x000000000800052a        0x2 
 .text.SystemClock_Config
                0x000000000800052c       0xc4 ./Core/Src/main.o
                0x000000000800052c                SystemClock_Config
 .text.MX_CAN1_Init
                0x00000000080005f0       0x68 ./Core/Src/main.o
 .text.MX_CAN2_Init
                0x0000000008000658       0x68 ./Core/Src/main.o
 .text.MX_I2C2_Init
                0x00000000080006c0       0x5c ./Core/Src/main.o
 .text.MX_SPI2_Init
                0x000000000800071c       0x6c ./Core/Src/main.o
 .text.MX_TIM14_Init
                0x0000000008000788       0x50 ./Core/Src/main.o
 .text.MX_USART2_UART_Init
                0x00000000080007d8       0x54 ./Core/Src/main.o
 .text.MX_DMA_Init
                0x000000000800082c       0x40 ./Core/Src/main.o
 .text.MX_GPIO_Init
                0x000000000800086c      0x11c ./Core/Src/main.o
 .text.LedBlink
                0x0000000008000988       0x44 ./Core/Src/main.o
                0x0000000008000988                LedBlink
 .text.HAL_GPIO_EXTI_Callback
                0x00000000080009cc       0x26 ./Core/Src/main.o
                0x00000000080009cc                HAL_GPIO_EXTI_Callback
 .text.Error_Handler
                0x00000000080009f2        0xa ./Core/Src/main.o
                0x00000000080009f2                Error_Handler
 .text.HAL_MspInit
                0x00000000080009fc       0x50 ./Core/Src/stm32f4xx_hal_msp.o
                0x00000000080009fc                HAL_MspInit
 .text.HAL_CAN_MspInit
                0x0000000008000a4c      0x140 ./Core/Src/stm32f4xx_hal_msp.o
                0x0000000008000a4c                HAL_CAN_MspInit
 .text.HAL_I2C_MspInit
                0x0000000008000b8c       0xd4 ./Core/Src/stm32f4xx_hal_msp.o
                0x0000000008000b8c                HAL_I2C_MspInit
 .text.HAL_SPI_MspInit
                0x0000000008000c60       0xe0 ./Core/Src/stm32f4xx_hal_msp.o
                0x0000000008000c60                HAL_SPI_MspInit
 .text.HAL_TIM_Base_MspInit
                0x0000000008000d40       0x44 ./Core/Src/stm32f4xx_hal_msp.o
                0x0000000008000d40                HAL_TIM_Base_MspInit
 .text.HAL_UART_MspInit
                0x0000000008000d84      0x104 ./Core/Src/stm32f4xx_hal_msp.o
                0x0000000008000d84                HAL_UART_MspInit
 .text.NMI_Handler
                0x0000000008000e88        0x6 ./Core/Src/stm32f4xx_it.o
                0x0000000008000e88                NMI_Handler
 .text.HardFault_Handler
                0x0000000008000e8e        0x6 ./Core/Src/stm32f4xx_it.o
                0x0000000008000e8e                HardFault_Handler
 .text.MemManage_Handler
                0x0000000008000e94        0x6 ./Core/Src/stm32f4xx_it.o
                0x0000000008000e94                MemManage_Handler
 .text.BusFault_Handler
                0x0000000008000e9a        0x6 ./Core/Src/stm32f4xx_it.o
                0x0000000008000e9a                BusFault_Handler
 .text.UsageFault_Handler
                0x0000000008000ea0        0x6 ./Core/Src/stm32f4xx_it.o
                0x0000000008000ea0                UsageFault_Handler
 .text.SVC_Handler
                0x0000000008000ea6        0xe ./Core/Src/stm32f4xx_it.o
                0x0000000008000ea6                SVC_Handler
 .text.DebugMon_Handler
                0x0000000008000eb4        0xe ./Core/Src/stm32f4xx_it.o
                0x0000000008000eb4                DebugMon_Handler
 .text.PendSV_Handler
                0x0000000008000ec2        0xe ./Core/Src/stm32f4xx_it.o
                0x0000000008000ec2                PendSV_Handler
 .text.SysTick_Handler
                0x0000000008000ed0        0xc ./Core/Src/stm32f4xx_it.o
                0x0000000008000ed0                SysTick_Handler
 .text.DMA1_Stream5_IRQHandler
                0x0000000008000edc       0x14 ./Core/Src/stm32f4xx_it.o
                0x0000000008000edc                DMA1_Stream5_IRQHandler
 .text.SPI2_IRQHandler
                0x0000000008000ef0       0x14 ./Core/Src/stm32f4xx_it.o
                0x0000000008000ef0                SPI2_IRQHandler
 .text.USART2_IRQHandler
                0x0000000008000f04       0x14 ./Core/Src/stm32f4xx_it.o
                0x0000000008000f04                USART2_IRQHandler
 .text.EXTI15_10_IRQHandler
                0x0000000008000f18       0x10 ./Core/Src/stm32f4xx_it.o
                0x0000000008000f18                EXTI15_10_IRQHandler
 .text.SystemInit
                0x0000000008000f28       0x24 ./Core/Src/system_stm32f4xx.o
                0x0000000008000f28                SystemInit
 .text.Reset_Handler
                0x0000000008000f4c       0x50 ./Core/Startup/startup_stm32f446retx.o
                0x0000000008000f4c                Reset_Handler
 .text.Default_Handler
                0x0000000008000f9c        0x2 ./Core/Startup/startup_stm32f446retx.o
                0x0000000008000f9c                RTC_Alarm_IRQHandler
                0x0000000008000f9c                EXTI2_IRQHandler
                0x0000000008000f9c                TIM8_CC_IRQHandler
                0x0000000008000f9c                FMPI2C1_EV_IRQHandler
                0x0000000008000f9c                SPI4_IRQHandler
                0x0000000008000f9c                TIM1_CC_IRQHandler
                0x0000000008000f9c                DMA2_Stream5_IRQHandler
                0x0000000008000f9c                PVD_IRQHandler
                0x0000000008000f9c                SDIO_IRQHandler
                0x0000000008000f9c                TAMP_STAMP_IRQHandler
                0x0000000008000f9c                CAN2_RX1_IRQHandler
                0x0000000008000f9c                EXTI3_IRQHandler
                0x0000000008000f9c                TIM8_TRG_COM_TIM14_IRQHandler
                0x0000000008000f9c                TIM1_UP_TIM10_IRQHandler
                0x0000000008000f9c                TIM8_UP_TIM13_IRQHandler
                0x0000000008000f9c                I2C3_ER_IRQHandler
                0x0000000008000f9c                EXTI0_IRQHandler
                0x0000000008000f9c                I2C2_EV_IRQHandler
                0x0000000008000f9c                DMA1_Stream2_IRQHandler
                0x0000000008000f9c                CAN1_RX0_IRQHandler
                0x0000000008000f9c                FPU_IRQHandler
                0x0000000008000f9c                OTG_HS_WKUP_IRQHandler
                0x0000000008000f9c                CAN2_SCE_IRQHandler
                0x0000000008000f9c                DMA2_Stream2_IRQHandler
                0x0000000008000f9c                SPI1_IRQHandler
                0x0000000008000f9c                TIM6_DAC_IRQHandler
                0x0000000008000f9c                TIM1_BRK_TIM9_IRQHandler
                0x0000000008000f9c                DCMI_IRQHandler
                0x0000000008000f9c                CAN2_RX0_IRQHandler
                0x0000000008000f9c                DMA2_Stream3_IRQHandler
                0x0000000008000f9c                SAI2_IRQHandler
                0x0000000008000f9c                USART6_IRQHandler
                0x0000000008000f9c                USART3_IRQHandler
                0x0000000008000f9c                CAN1_RX1_IRQHandler
                0x0000000008000f9c                UART5_IRQHandler
                0x0000000008000f9c                DMA2_Stream0_IRQHandler
                0x0000000008000f9c                TIM4_IRQHandler
                0x0000000008000f9c                QUADSPI_IRQHandler
                0x0000000008000f9c                I2C1_EV_IRQHandler
                0x0000000008000f9c                DMA1_Stream6_IRQHandler
                0x0000000008000f9c                DMA1_Stream1_IRQHandler
                0x0000000008000f9c                UART4_IRQHandler
                0x0000000008000f9c                TIM3_IRQHandler
                0x0000000008000f9c                RCC_IRQHandler
                0x0000000008000f9c                TIM8_BRK_TIM12_IRQHandler
                0x0000000008000f9c                Default_Handler
                0x0000000008000f9c                CEC_IRQHandler
                0x0000000008000f9c                ADC_IRQHandler
                0x0000000008000f9c                DMA1_Stream7_IRQHandler
                0x0000000008000f9c                TIM7_IRQHandler
                0x0000000008000f9c                CAN2_TX_IRQHandler
                0x0000000008000f9c                TIM5_IRQHandler
                0x0000000008000f9c                DMA2_Stream7_IRQHandler
                0x0000000008000f9c                I2C3_EV_IRQHandler
                0x0000000008000f9c                EXTI9_5_IRQHandler
                0x0000000008000f9c                RTC_WKUP_IRQHandler
                0x0000000008000f9c                SPDIF_RX_IRQHandler
                0x0000000008000f9c                OTG_HS_EP1_IN_IRQHandler
                0x0000000008000f9c                DMA1_Stream0_IRQHandler
                0x0000000008000f9c                CAN1_TX_IRQHandler
                0x0000000008000f9c                FMPI2C1_ER_IRQHandler
                0x0000000008000f9c                EXTI4_IRQHandler
                0x0000000008000f9c                OTG_HS_EP1_OUT_IRQHandler
                0x0000000008000f9c                WWDG_IRQHandler
                0x0000000008000f9c                TIM2_IRQHandler
                0x0000000008000f9c                OTG_FS_WKUP_IRQHandler
                0x0000000008000f9c                TIM1_TRG_COM_TIM11_IRQHandler
                0x0000000008000f9c                OTG_HS_IRQHandler
                0x0000000008000f9c                EXTI1_IRQHandler
                0x0000000008000f9c                I2C2_ER_IRQHandler
                0x0000000008000f9c                DMA2_Stream1_IRQHandler
                0x0000000008000f9c                CAN1_SCE_IRQHandler
                0x0000000008000f9c                FLASH_IRQHandler
                0x0000000008000f9c                DMA2_Stream4_IRQHandler
                0x0000000008000f9c                USART1_IRQHandler
                0x0000000008000f9c                OTG_FS_IRQHandler
                0x0000000008000f9c                SPI3_IRQHandler
                0x0000000008000f9c                DMA1_Stream4_IRQHandler
                0x0000000008000f9c                I2C1_ER_IRQHandler
                0x0000000008000f9c                FMC_IRQHandler
                0x0000000008000f9c                DMA2_Stream6_IRQHandler
                0x0000000008000f9c                SAI1_IRQHandler
                0x0000000008000f9c                DMA1_Stream3_IRQHandler
 *fill*         0x0000000008000f9e        0x2 
 .text.HAL_Init
                0x0000000008000fa0       0x44 ./Drivers/STM32F4xx_HAL_Driver/Src/stm32f4xx_hal.o
                0x0000000008000fa0                HAL_Init
 .text.HAL_InitTick
                0x0000000008000fe4       0x60 ./Drivers/STM32F4xx_HAL_Driver/Src/stm32f4xx_hal.o
                0x0000000008000fe4                HAL_InitTick
 .text.HAL_IncTick
                0x0000000008001044       0x28 ./Drivers/STM32F4xx_HAL_Driver/Src/stm32f4xx_hal.o
                0x0000000008001044                HAL_IncTick
 .text.HAL_GetTick
                0x000000000800106c       0x18 ./Drivers/STM32F4xx_HAL_Driver/Src/stm32f4xx_hal.o
                0x000000000800106c                HAL_GetTick
 .text.HAL_CAN_Init
                0x0000000008001084      0x1f6 ./Drivers/STM32F4xx_HAL_Driver/Src/stm32f4xx_hal_can.o
                0x0000000008001084                HAL_CAN_Init
 *fill*         0x000000000800127a        0x2 
 .text.__NVIC_SetPriorityGrouping
                0x000000000800127c       0x48 ./Drivers/STM32F4xx_HAL_Driver/Src/stm32f4xx_hal_cortex.o
 .text.__NVIC_GetPriorityGrouping
                0x00000000080012c4       0x1c ./Drivers/STM32F4xx_HAL_Driver/Src/stm32f4xx_hal_cortex.o
 .text.__NVIC_EnableIRQ
                0x00000000080012e0       0x3c ./Drivers/STM32F4xx_HAL_Driver/Src/stm32f4xx_hal_cortex.o
 .text.__NVIC_SetPriority
                0x000000000800131c       0x54 ./Drivers/STM32F4xx_HAL_Driver/Src/stm32f4xx_hal_cortex.o
 .text.NVIC_EncodePriority
                0x0000000008001370       0x66 ./Drivers/STM32F4xx_HAL_Driver/Src/stm32f4xx_hal_cortex.o
 *fill*         0x00000000080013d6        0x2 
 .text.SysTick_Config
                0x00000000080013d8       0x44 ./Drivers/STM32F4xx_HAL_Driver/Src/stm32f4xx_hal_cortex.o
 .text.HAL_NVIC_SetPriorityGrouping
                0x000000000800141c       0x16 ./Drivers/STM32F4xx_HAL_Driver/Src/stm32f4xx_hal_cortex.o
                0x000000000800141c                HAL_NVIC_SetPriorityGrouping
 .text.HAL_NVIC_SetPriority
                0x0000000008001432       0x38 ./Drivers/STM32F4xx_HAL_Driver/Src/stm32f4xx_hal_cortex.o
                0x0000000008001432                HAL_NVIC_SetPriority
 .text.HAL_NVIC_EnableIRQ
                0x000000000800146a       0x1c ./Drivers/STM32F4xx_HAL_Driver/Src/stm32f4xx_hal_cortex.o
                0x000000000800146a                HAL_NVIC_EnableIRQ
 .text.HAL_SYSTICK_Config
                0x0000000008001486       0x18 ./Drivers/STM32F4xx_HAL_Driver/Src/stm32f4xx_hal_cortex.o
                0x0000000008001486                HAL_SYSTICK_Config
 *fill*         0x000000000800149e        0x2 
 .text.HAL_DMA_Init
                0x00000000080014a0      0x15c ./Drivers/STM32F4xx_HAL_Driver/Src/stm32f4xx_hal_dma.o
                0x00000000080014a0                HAL_DMA_Init
 .text.HAL_DMA_Abort
                0x00000000080015fc       0xe0 ./Drivers/STM32F4xx_HAL_Driver/Src/stm32f4xx_hal_dma.o
                0x00000000080015fc                HAL_DMA_Abort
 .text.HAL_DMA_Abort_IT
                0x00000000080016dc       0x44 ./Drivers/STM32F4xx_HAL_Driver/Src/stm32f4xx_hal_dma.o
                0x00000000080016dc                HAL_DMA_Abort_IT
 .text.HAL_DMA_IRQHandler
                0x0000000008001720      0x314 ./Drivers/STM32F4xx_HAL_Driver/Src/stm32f4xx_hal_dma.o
                0x0000000008001720                HAL_DMA_IRQHandler
 .text.DMA_CalcBaseAndBitshift
                0x0000000008001a34       0x6c ./Drivers/STM32F4xx_HAL_Driver/Src/stm32f4xx_hal_dma.o
 .text.DMA_CheckFifoParam
                0x0000000008001aa0       0xf8 ./Drivers/STM32F4xx_HAL_Driver/Src/stm32f4xx_hal_dma.o
 .text.HAL_GPIO_Init
                0x0000000008001b98      0x328 ./Drivers/STM32F4xx_HAL_Driver/Src/stm32f4xx_hal_gpio.o
                0x0000000008001b98                HAL_GPIO_Init
 .text.HAL_GPIO_WritePin
                0x0000000008001ec0       0x32 ./Drivers/STM32F4xx_HAL_Driver/Src/stm32f4xx_hal_gpio.o
                0x0000000008001ec0                HAL_GPIO_WritePin
 *fill*         0x0000000008001ef2        0x2 
 .text.HAL_GPIO_EXTI_IRQHandler
                0x0000000008001ef4       0x30 ./Drivers/STM32F4xx_HAL_Driver/Src/stm32f4xx_hal_gpio.o
                0x0000000008001ef4                HAL_GPIO_EXTI_IRQHandler
 .text.HAL_I2C_Init
                0x0000000008001f24      0x288 ./Drivers/STM32F4xx_HAL_Driver/Src/stm32f4xx_hal_i2c.o
                0x0000000008001f24                HAL_I2C_Init
 .text.HAL_RCC_ClockConfig
                0x00000000080021ac      0x1cc ./Drivers/STM32F4xx_HAL_Driver/Src/stm32f4xx_hal_rcc.o
                0x00000000080021ac                HAL_RCC_ClockConfig
 .text.HAL_RCC_GetHCLKFreq
                0x0000000008002378       0x18 ./Drivers/STM32F4xx_HAL_Driver/Src/stm32f4xx_hal_rcc.o
                0x0000000008002378                HAL_RCC_GetHCLKFreq
 .text.HAL_RCC_GetPCLK1Freq
                0x0000000008002390       0x28 ./Drivers/STM32F4xx_HAL_Driver/Src/stm32f4xx_hal_rcc.o
                0x0000000008002390                HAL_RCC_GetPCLK1Freq
 .text.HAL_RCC_GetPCLK2Freq
                0x00000000080023b8       0x28 ./Drivers/STM32F4xx_HAL_Driver/Src/stm32f4xx_hal_rcc.o
                0x00000000080023b8                HAL_RCC_GetPCLK2Freq
 .text.HAL_RCC_GetSysClockFreq
                0x00000000080023e0      0x364 ./Drivers/STM32F4xx_HAL_Driver/Src/stm32f4xx_hal_rcc_ex.o
                0x00000000080023e0                HAL_RCC_GetSysClockFreq
 .text.HAL_RCC_OscConfig
                0x0000000008002744      0x53c ./Drivers/STM32F4xx_HAL_Driver/Src/stm32f4xx_hal_rcc_ex.o
                0x0000000008002744                HAL_RCC_OscConfig
 .text.HAL_SPI_Init
                0x0000000008002c80      0x112 ./Drivers/STM32F4xx_HAL_Driver/Src/stm32f4xx_hal_spi.o
                0x0000000008002c80                HAL_SPI_Init
 *fill*         0x0000000008002d92        0x2 
 .text.HAL_SPI_IRQHandler
                0x0000000008002d94      0x200 ./Drivers/STM32F4xx_HAL_Driver/Src/stm32f4xx_hal_spi.o
                0x0000000008002d94                HAL_SPI_IRQHandler
 .text.HAL_SPI_ErrorCallback
                0x0000000008002f94       0x14 ./Drivers/STM32F4xx_HAL_Driver/Src/stm32f4xx_hal_spi.o
                0x0000000008002f94                HAL_SPI_ErrorCallback
 .text.SPI_DMAAbortOnError
                0x0000000008002fa8       0x28 ./Drivers/STM32F4xx_HAL_Driver/Src/stm32f4xx_hal_spi.o
 .text.HAL_TIM_Base_Init
                0x0000000008002fd0       0x9e ./Drivers/STM32F4xx_HAL_Driver/Src/stm32f4xx_hal_tim.o
                0x0000000008002fd0                HAL_TIM_Base_Init
 *fill*         0x000000000800306e        0x2 
 .text.HAL_TIM_Base_Start
                0x0000000008003070       0xd0 ./Drivers/STM32F4xx_HAL_Driver/Src/stm32f4xx_hal_tim.o
                0x0000000008003070                HAL_TIM_Base_Start
 .text.TIM_Base_SetConfig
                0x0000000008003140      0x140 ./Drivers/STM32F4xx_HAL_Driver/Src/stm32f4xx_hal_tim.o
                0x0000000008003140                TIM_Base_SetConfig
 .text.HAL_UART_Init
                0x0000000008003280       0x9a ./Drivers/STM32F4xx_HAL_Driver/Src/stm32f4xx_hal_uart.o
                0x0000000008003280                HAL_UART_Init
 *fill*         0x000000000800331a        0x2 
 .text.HAL_UART_IRQHandler
                0x000000000800331c      0x51c ./Drivers/STM32F4xx_HAL_Driver/Src/stm32f4xx_hal_uart.o
                0x000000000800331c                HAL_UART_IRQHandler
 .text.HAL_UART_TxCpltCallback
                0x0000000008003838       0x14 ./Drivers/STM32F4xx_HAL_Driver/Src/stm32f4xx_hal_uart.o
                0x0000000008003838                HAL_UART_TxCpltCallback
 .text.HAL_UART_RxCpltCallback
                0x000000000800384c       0x14 ./Drivers/STM32F4xx_HAL_Driver/Src/stm32f4xx_hal_uart.o
                0x000000000800384c                HAL_UART_RxCpltCallback
 .text.HAL_UART_ErrorCallback
                0x0000000008003860       0x14 ./Drivers/STM32F4xx_HAL_Driver/Src/stm32f4xx_hal_uart.o
                0x0000000008003860                HAL_UART_ErrorCallback
 .text.HAL_UARTEx_RxEventCallback
                0x0000000008003874       0x18 ./Drivers/STM32F4xx_HAL_Driver/Src/stm32f4xx_hal_uart.o
                0x0000000008003874                HAL_UARTEx_RxEventCallback
 .text.UART_EndRxTransfer
                0x000000000800388c       0xc6 ./Drivers/STM32F4xx_HAL_Driver/Src/stm32f4xx_hal_uart.o
 .text.UART_DMAAbortOnError
                0x0000000008003952       0x28 ./Drivers/STM32F4xx_HAL_Driver/Src/stm32f4xx_hal_uart.o
 .text.UART_Transmit_IT
                0x000000000800397a       0xa0 ./Drivers/STM32F4xx_HAL_Driver/Src/stm32f4xx_hal_uart.o
 .text.UART_EndTransmit_IT
                0x0000000008003a1a       0x30 ./Drivers/STM32F4xx_HAL_Driver/Src/stm32f4xx_hal_uart.o
 .text.UART_Receive_IT
                0x0000000008003a4a      0x176 ./Drivers/STM32F4xx_HAL_Driver/Src/stm32f4xx_hal_uart.o
 .text.UART_SetConfig
                0x0000000008003bc0      0x390 ./Drivers/STM32F4xx_HAL_Driver/Src/stm32f4xx_hal_uart.o
 .text.MyDelay_ms
                0x0000000008003f50       0x50 ./MyDelay/MyDelay.o
                0x0000000008003f50                MyDelay_ms
 .text.__libc_init_array
                0x0000000008003fa0       0x48 c:/st/stm32cubeide_1.8.0/stm32cubeide/plugins/com.st.stm32cube.ide.mcu.externaltools.gnu-tools-for-stm32.9-2020-q2-update.win32_2.0.0.202105311346/tools/bin/../lib/gcc/arm-none-eabi/9.3.1/../../../../arm-none-eabi/lib/thumb/v7e-m+fp/hard\libc_nano.a(lib_a-init.o)
                0x0000000008003fa0                __libc_init_array
 .text.memset   0x0000000008003fe8       0x10 c:/st/stm32cubeide_1.8.0/stm32cubeide/plugins/com.st.stm32cube.ide.mcu.externaltools.gnu-tools-for-stm32.9-2020-q2-update.win32_2.0.0.202105311346/tools/bin/../lib/gcc/arm-none-eabi/9.3.1/../../../../arm-none-eabi/lib/thumb/v7e-m+fp/hard\libc_nano.a(lib_a-memset.o)
                0x0000000008003fe8                memset
 *(.glue_7)
 .glue_7        0x0000000008003ff8        0x0 linker stubs
 *(.glue_7t)
 .glue_7t       0x0000000008003ff8        0x0 linker stubs
 *(.eh_frame)
 .eh_frame      0x0000000008003ff8        0x0 c:/st/stm32cubeide_1.8.0/stm32cubeide/plugins/com.st.stm32cube.ide.mcu.externaltools.gnu-tools-for-stm32.9-2020-q2-update.win32_2.0.0.202105311346/tools/bin/../lib/gcc/arm-none-eabi/9.3.1/thumb/v7e-m+fp/hard/crtbegin.o
 *(.init)
 .init          0x0000000008003ff8        0x4 c:/st/stm32cubeide_1.8.0/stm32cubeide/plugins/com.st.stm32cube.ide.mcu.externaltools.gnu-tools-for-stm32.9-2020-q2-update.win32_2.0.0.202105311346/tools/bin/../lib/gcc/arm-none-eabi/9.3.1/thumb/v7e-m+fp/hard/crti.o
                0x0000000008003ff8                _init
 .init          0x0000000008003ffc        0x8 c:/st/stm32cubeide_1.8.0/stm32cubeide/plugins/com.st.stm32cube.ide.mcu.externaltools.gnu-tools-for-stm32.9-2020-q2-update.win32_2.0.0.202105311346/tools/bin/../lib/gcc/arm-none-eabi/9.3.1/thumb/v7e-m+fp/hard/crtn.o
 *(.fini)
 .fini          0x0000000008004004        0x4 c:/st/stm32cubeide_1.8.0/stm32cubeide/plugins/com.st.stm32cube.ide.mcu.externaltools.gnu-tools-for-stm32.9-2020-q2-update.win32_2.0.0.202105311346/tools/bin/../lib/gcc/arm-none-eabi/9.3.1/thumb/v7e-m+fp/hard/crti.o
                0x0000000008004004                _fini
 .fini          0x0000000008004008        0x8 c:/st/stm32cubeide_1.8.0/stm32cubeide/plugins/com.st.stm32cube.ide.mcu.externaltools.gnu-tools-for-stm32.9-2020-q2-update.win32_2.0.0.202105311346/tools/bin/../lib/gcc/arm-none-eabi/9.3.1/thumb/v7e-m+fp/hard/crtn.o
                0x0000000008004010                . = ALIGN (0x4)
                0x0000000008004010                _etext = .

.vfp11_veneer   0x0000000008004010        0x0
 .vfp11_veneer  0x0000000008004010        0x0 linker stubs

.v4_bx          0x0000000008004010        0x0
 .v4_bx         0x0000000008004010        0x0 linker stubs

.iplt           0x0000000008004010        0x0
 .iplt          0x0000000008004010        0x0 c:/st/stm32cubeide_1.8.0/stm32cubeide/plugins/com.st.stm32cube.ide.mcu.externaltools.gnu-tools-for-stm32.9-2020-q2-update.win32_2.0.0.202105311346/tools/bin/../lib/gcc/arm-none-eabi/9.3.1/thumb/v7e-m+fp/hard/crtbegin.o

.rodata         0x0000000008004010       0x20
                0x0000000008004010                . = ALIGN (0x4)
 *(.rodata)
 *(.rodata*)
 .rodata.AHBPrescTable
                0x0000000008004010       0x10 ./Core/Src/system_stm32f4xx.o
                0x0000000008004010                AHBPrescTable
 .rodata.APBPrescTable
                0x0000000008004020        0x8 ./Core/Src/system_stm32f4xx.o
                0x0000000008004020                APBPrescTable
 .rodata.flagBitshiftOffset.8882
                0x0000000008004028        0x8 ./Drivers/STM32F4xx_HAL_Driver/Src/stm32f4xx_hal_dma.o
                0x0000000008004030                . = ALIGN (0x4)

.ARM.extab      0x0000000008004030        0x0
                0x0000000008004030                . = ALIGN (0x4)
 *(.ARM.extab* .gnu.linkonce.armextab.*)
                0x0000000008004030                . = ALIGN (0x4)

.ARM            0x0000000008004030        0x8
                0x0000000008004030                . = ALIGN (0x4)
                0x0000000008004030                __exidx_start = .
 *(.ARM.exidx*)
 .ARM.exidx     0x0000000008004030        0x8 c:/st/stm32cubeide_1.8.0/stm32cubeide/plugins/com.st.stm32cube.ide.mcu.externaltools.gnu-tools-for-stm32.9-2020-q2-update.win32_2.0.0.202105311346/tools/bin/../lib/gcc/arm-none-eabi/9.3.1/thumb/v7e-m+fp/hard\libgcc.a(_udivmoddi4.o)
                0x0000000008004038                __exidx_end = .
                0x0000000008004038                . = ALIGN (0x4)

.rel.dyn        0x0000000008004038        0x0
 .rel.iplt      0x0000000008004038        0x0 c:/st/stm32cubeide_1.8.0/stm32cubeide/plugins/com.st.stm32cube.ide.mcu.externaltools.gnu-tools-for-stm32.9-2020-q2-update.win32_2.0.0.202105311346/tools/bin/../lib/gcc/arm-none-eabi/9.3.1/thumb/v7e-m+fp/hard/crtbegin.o

.preinit_array  0x0000000008004038        0x0
                0x0000000008004038                . = ALIGN (0x4)
                0x0000000008004038                PROVIDE (__preinit_array_start = .)
 *(.preinit_array*)
                0x0000000008004038                PROVIDE (__preinit_array_end = .)
                0x0000000008004038                . = ALIGN (0x4)

.init_array     0x0000000008004038        0x4
                0x0000000008004038                . = ALIGN (0x4)
                0x0000000008004038                PROVIDE (__init_array_start = .)
 *(SORT_BY_NAME(.init_array.*))
 *(.init_array*)
 .init_array    0x0000000008004038        0x4 c:/st/stm32cubeide_1.8.0/stm32cubeide/plugins/com.st.stm32cube.ide.mcu.externaltools.gnu-tools-for-stm32.9-2020-q2-update.win32_2.0.0.202105311346/tools/bin/../lib/gcc/arm-none-eabi/9.3.1/thumb/v7e-m+fp/hard/crtbegin.o
                0x000000000800403c                PROVIDE (__init_array_end = .)
                0x000000000800403c                . = ALIGN (0x4)

.fini_array     0x000000000800403c        0x4
                0x000000000800403c                . = ALIGN (0x4)
                [!provide]                        PROVIDE (__fini_array_start = .)
 *(SORT_BY_NAME(.fini_array.*))
 *(.fini_array*)
 .fini_array    0x000000000800403c        0x4 c:/st/stm32cubeide_1.8.0/stm32cubeide/plugins/com.st.stm32cube.ide.mcu.externaltools.gnu-tools-for-stm32.9-2020-q2-update.win32_2.0.0.202105311346/tools/bin/../lib/gcc/arm-none-eabi/9.3.1/thumb/v7e-m+fp/hard/crtbegin.o
                [!provide]                        PROVIDE (__fini_array_end = .)
                0x0000000008004040                . = ALIGN (0x4)
                0x0000000008004040                _sidata = LOADADDR (.data)

.data           0x0000000020000000        0xc load address 0x0000000008004040
                0x0000000020000000                . = ALIGN (0x4)
                0x0000000020000000                _sdata = .
 *(.data)
 *(.data*)
 .data.SystemCoreClock
                0x0000000020000000        0x4 ./Core/Src/system_stm32f4xx.o
                0x0000000020000000                SystemCoreClock
 .data.uwTickPrio
                0x0000000020000004        0x4 ./Drivers/STM32F4xx_HAL_Driver/Src/stm32f4xx_hal.o
                0x0000000020000004                uwTickPrio
 .data.uwTickFreq
                0x0000000020000008        0x1 ./Drivers/STM32F4xx_HAL_Driver/Src/stm32f4xx_hal.o
                0x0000000020000008                uwTickFreq
 *(.RamFunc)
 *(.RamFunc*)
                0x000000002000000c                . = ALIGN (0x4)
 *fill*         0x0000000020000009        0x3 
                0x000000002000000c                _edata = .

.igot.plt       0x000000002000000c        0x0 load address 0x000000000800404c
 .igot.plt      0x000000002000000c        0x0 c:/st/stm32cubeide_1.8.0/stm32cubeide/plugins/com.st.stm32cube.ide.mcu.externaltools.gnu-tools-for-stm32.9-2020-q2-update.win32_2.0.0.202105311346/tools/bin/../lib/gcc/arm-none-eabi/9.3.1/thumb/v7e-m+fp/hard/crtbegin.o
                0x000000002000000c                . = ALIGN (0x4)

.bss            0x000000002000000c      0x214 load address 0x000000000800404c
                0x000000002000000c                _sbss = .
                0x000000002000000c                __bss_start__ = _sbss
 *(.bss)
 .bss           0x000000002000000c       0x1c c:/st/stm32cubeide_1.8.0/stm32cubeide/plugins/com.st.stm32cube.ide.mcu.externaltools.gnu-tools-for-stm32.9-2020-q2-update.win32_2.0.0.202105311346/tools/bin/../lib/gcc/arm-none-eabi/9.3.1/thumb/v7e-m+fp/hard/crtbegin.o
 *(.bss*)
 .bss.HAL_RCC_CAN1_CLK_ENABLED
                0x0000000020000028        0x4 ./Core/Src/stm32f4xx_hal_msp.o
 *(COMMON)
 COMMON         0x000000002000002c      0x1f0 ./Core/Src/main.o
                0x000000002000002c                hdma_usart2_rx
                0x000000002000008c                hspi2
                0x00000000200000e4                hi2c2
                0x0000000020000138                temp
                0x000000002000013c                hcan2
                0x0000000020000164                timer_val
                0x0000000020000168                huart2
                0x00000000200001ac                hcan1
                0x00000000200001d4                htim14
 COMMON         0x000000002000021c        0x4 ./Drivers/STM32F4xx_HAL_Driver/Src/stm32f4xx_hal.o
                0x000000002000021c                uwTick
                0x0000000020000220                . = ALIGN (0x4)
                0x0000000020000220                _ebss = .
                0x0000000020000220                __bss_end__ = _ebss

._user_heap_stack
                0x0000000020000220      0x600 load address 0x000000000800404c
                0x0000000020000220                . = ALIGN (0x8)
                [!provide]                        PROVIDE (end = .)
                0x0000000020000220                PROVIDE (_end = .)
                0x0000000020000420                . = (. + _Min_Heap_Size)
 *fill*         0x0000000020000220      0x200 
                0x0000000020000820                . = (. + _Min_Stack_Size)
 *fill*         0x0000000020000420      0x400 
                0x0000000020000820                . = ALIGN (0x8)

/DISCARD/
 libc.a(*)
 libm.a(*)
 libgcc.a(*)

.ARM.attributes
                0x0000000000000000       0x30
 *(.ARM.attributes)
 .ARM.attributes
                0x0000000000000000       0x1e c:/st/stm32cubeide_1.8.0/stm32cubeide/plugins/com.st.stm32cube.ide.mcu.externaltools.gnu-tools-for-stm32.9-2020-q2-update.win32_2.0.0.202105311346/tools/bin/../lib/gcc/arm-none-eabi/9.3.1/thumb/v7e-m+fp/hard/crti.o
 .ARM.attributes
                0x000000000000001e       0x34 c:/st/stm32cubeide_1.8.0/stm32cubeide/plugins/com.st.stm32cube.ide.mcu.externaltools.gnu-tools-for-stm32.9-2020-q2-update.win32_2.0.0.202105311346/tools/bin/../lib/gcc/arm-none-eabi/9.3.1/thumb/v7e-m+fp/hard/crtbegin.o
 .ARM.attributes
                0x0000000000000052       0x34 ./Core/Src/main.o
 .ARM.attributes
                0x0000000000000086       0x34 ./Core/Src/stm32f4xx_hal_msp.o
 .ARM.attributes
                0x00000000000000ba       0x34 ./Core/Src/stm32f4xx_it.o
 .ARM.attributes
                0x00000000000000ee       0x34 ./Core/Src/system_stm32f4xx.o
 .ARM.attributes
                0x0000000000000122       0x21 ./Core/Startup/startup_stm32f446retx.o
 .ARM.attributes
                0x0000000000000143       0x34 ./Drivers/STM32F4xx_HAL_Driver/Src/stm32f4xx_hal.o
 .ARM.attributes
                0x0000000000000177       0x34 ./Drivers/STM32F4xx_HAL_Driver/Src/stm32f4xx_hal_can.o
 .ARM.attributes
                0x00000000000001ab       0x34 ./Drivers/STM32F4xx_HAL_Driver/Src/stm32f4xx_hal_cortex.o
 .ARM.attributes
                0x00000000000001df       0x34 ./Drivers/STM32F4xx_HAL_Driver/Src/stm32f4xx_hal_dma.o
 .ARM.attributes
                0x0000000000000213       0x34 ./Drivers/STM32F4xx_HAL_Driver/Src/stm32f4xx_hal_gpio.o
 .ARM.attributes
                0x0000000000000247       0x34 ./Drivers/STM32F4xx_HAL_Driver/Src/stm32f4xx_hal_i2c.o
 .ARM.attributes
                0x000000000000027b       0x34 ./Drivers/STM32F4xx_HAL_Driver/Src/stm32f4xx_hal_rcc.o
 .ARM.attributes
                0x00000000000002af       0x34 ./Drivers/STM32F4xx_HAL_Driver/Src/stm32f4xx_hal_rcc_ex.o
 .ARM.attributes
                0x00000000000002e3       0x34 ./Drivers/STM32F4xx_HAL_Driver/Src/stm32f4xx_hal_spi.o
 .ARM.attributes
                0x0000000000000317       0x34 ./Drivers/STM32F4xx_HAL_Driver/Src/stm32f4xx_hal_tim.o
 .ARM.attributes
                0x000000000000034b       0x34 ./Drivers/STM32F4xx_HAL_Driver/Src/stm32f4xx_hal_uart.o
 .ARM.attributes
                0x000000000000037f       0x34 ./MyDelay/MyDelay.o
 .ARM.attributes
                0x00000000000003b3       0x34 c:/st/stm32cubeide_1.8.0/stm32cubeide/plugins/com.st.stm32cube.ide.mcu.externaltools.gnu-tools-for-stm32.9-2020-q2-update.win32_2.0.0.202105311346/tools/bin/../lib/gcc/arm-none-eabi/9.3.1/../../../../arm-none-eabi/lib/thumb/v7e-m+fp/hard\libc_nano.a(lib_a-init.o)
 .ARM.attributes
                0x00000000000003e7       0x34 c:/st/stm32cubeide_1.8.0/stm32cubeide/plugins/com.st.stm32cube.ide.mcu.externaltools.gnu-tools-for-stm32.9-2020-q2-update.win32_2.0.0.202105311346/tools/bin/../lib/gcc/arm-none-eabi/9.3.1/../../../../arm-none-eabi/lib/thumb/v7e-m+fp/hard\libc_nano.a(lib_a-memset.o)
 .ARM.attributes
                0x000000000000041b       0x1e c:/st/stm32cubeide_1.8.0/stm32cubeide/plugins/com.st.stm32cube.ide.mcu.externaltools.gnu-tools-for-stm32.9-2020-q2-update.win32_2.0.0.202105311346/tools/bin/../lib/gcc/arm-none-eabi/9.3.1/thumb/v7e-m+fp/hard\libgcc.a(_aeabi_uldivmod.o)
 .ARM.attributes
                0x0000000000000439       0x34 c:/st/stm32cubeide_1.8.0/stm32cubeide/plugins/com.st.stm32cube.ide.mcu.externaltools.gnu-tools-for-stm32.9-2020-q2-update.win32_2.0.0.202105311346/tools/bin/../lib/gcc/arm-none-eabi/9.3.1/thumb/v7e-m+fp/hard\libgcc.a(_udivmoddi4.o)
 .ARM.attributes
                0x000000000000046d       0x1e c:/st/stm32cubeide_1.8.0/stm32cubeide/plugins/com.st.stm32cube.ide.mcu.externaltools.gnu-tools-for-stm32.9-2020-q2-update.win32_2.0.0.202105311346/tools/bin/../lib/gcc/arm-none-eabi/9.3.1/thumb/v7e-m+fp/hard\libgcc.a(_dvmd_tls.o)
 .ARM.attributes
                0x000000000000048b       0x1e c:/st/stm32cubeide_1.8.0/stm32cubeide/plugins/com.st.stm32cube.ide.mcu.externaltools.gnu-tools-for-stm32.9-2020-q2-update.win32_2.0.0.202105311346/tools/bin/../lib/gcc/arm-none-eabi/9.3.1/thumb/v7e-m+fp/hard/crtn.o
OUTPUT(F4_LEDController.elf elf32-littlearm)
LOAD linker stubs
LOAD c:/st/stm32cubeide_1.8.0/stm32cubeide/plugins/com.st.stm32cube.ide.mcu.externaltools.gnu-tools-for-stm32.9-2020-q2-update.win32_2.0.0.202105311346/tools/bin/../lib/gcc/arm-none-eabi/9.3.1/../../../../arm-none-eabi/lib/thumb/v7e-m+fp/hard\libc.a
LOAD c:/st/stm32cubeide_1.8.0/stm32cubeide/plugins/com.st.stm32cube.ide.mcu.externaltools.gnu-tools-for-stm32.9-2020-q2-update.win32_2.0.0.202105311346/tools/bin/../lib/gcc/arm-none-eabi/9.3.1/../../../../arm-none-eabi/lib/thumb/v7e-m+fp/hard\libm.a
LOAD c:/st/stm32cubeide_1.8.0/stm32cubeide/plugins/com.st.stm32cube.ide.mcu.externaltools.gnu-tools-for-stm32.9-2020-q2-update.win32_2.0.0.202105311346/tools/bin/../lib/gcc/arm-none-eabi/9.3.1/thumb/v7e-m+fp/hard\libgcc.a

.debug_info     0x0000000000000000    0x147a3
 .debug_info    0x0000000000000000     0x27b3 ./Core/Src/main.o
 .debug_info    0x00000000000027b3     0x1bea ./Core/Src/stm32f4xx_hal_msp.o
 .debug_info    0x000000000000439d      0x9de ./Core/Src/stm32f4xx_it.o
 .debug_info    0x0000000000004d7b      0x5dc ./Core/Src/system_stm32f4xx.o
 .debug_info    0x0000000000005357       0x22 ./Core/Startup/startup_stm32f446retx.o
 .debug_info    0x0000000000005379      0xa08 ./Drivers/STM32F4xx_HAL_Driver/Src/stm32f4xx_hal.o
 .debug_info    0x0000000000005d81     0x108f ./Drivers/STM32F4xx_HAL_Driver/Src/stm32f4xx_hal_can.o
 .debug_info    0x0000000000006e10      0xef5 ./Drivers/STM32F4xx_HAL_Driver/Src/stm32f4xx_hal_cortex.o
 .debug_info    0x0000000000007d05      0x9f1 ./Drivers/STM32F4xx_HAL_Driver/Src/stm32f4xx_hal_dma.o
 .debug_info    0x00000000000086f6      0x892 ./Drivers/STM32F4xx_HAL_Driver/Src/stm32f4xx_hal_gpio.o
 .debug_info    0x0000000000008f88     0x265b ./Drivers/STM32F4xx_HAL_Driver/Src/stm32f4xx_hal_i2c.o
 .debug_info    0x000000000000b5e3      0x9db ./Drivers/STM32F4xx_HAL_Driver/Src/stm32f4xx_hal_rcc.o
 .debug_info    0x000000000000bfbe      0xa86 ./Drivers/STM32F4xx_HAL_Driver/Src/stm32f4xx_hal_rcc_ex.o
 .debug_info    0x000000000000ca44     0x17c0 ./Drivers/STM32F4xx_HAL_Driver/Src/stm32f4xx_hal_spi.o
 .debug_info    0x000000000000e204     0x2c22 ./Drivers/STM32F4xx_HAL_Driver/Src/stm32f4xx_hal_tim.o
 .debug_info    0x0000000000010e26     0x31de ./Drivers/STM32F4xx_HAL_Driver/Src/stm32f4xx_hal_uart.o
 .debug_info    0x0000000000014004      0x79f ./MyDelay/MyDelay.o

.debug_abbrev   0x0000000000000000     0x2474
 .debug_abbrev  0x0000000000000000      0x38d ./Core/Src/main.o
 .debug_abbrev  0x000000000000038d      0x253 ./Core/Src/stm32f4xx_hal_msp.o
 .debug_abbrev  0x00000000000005e0      0x174 ./Core/Src/stm32f4xx_it.o
 .debug_abbrev  0x0000000000000754      0x145 ./Core/Src/system_stm32f4xx.o
 .debug_abbrev  0x0000000000000899       0x12 ./Core/Startup/startup_stm32f446retx.o
 .debug_abbrev  0x00000000000008ab      0x1ed ./Drivers/STM32F4xx_HAL_Driver/Src/stm32f4xx_hal.o
 .debug_abbrev  0x0000000000000a98      0x246 ./Drivers/STM32F4xx_HAL_Driver/Src/stm32f4xx_hal_can.o
 .debug_abbrev  0x0000000000000cde      0x33c ./Drivers/STM32F4xx_HAL_Driver/Src/stm32f4xx_hal_cortex.o
 .debug_abbrev  0x000000000000101a      0x259 ./Drivers/STM32F4xx_HAL_Driver/Src/stm32f4xx_hal_dma.o
 .debug_abbrev  0x0000000000001273      0x1f1 ./Drivers/STM32F4xx_HAL_Driver/Src/stm32f4xx_hal_gpio.o
 .debug_abbrev  0x0000000000001464      0x282 ./Drivers/STM32F4xx_HAL_Driver/Src/stm32f4xx_hal_i2c.o
 .debug_abbrev  0x00000000000016e6      0x275 ./Drivers/STM32F4xx_HAL_Driver/Src/stm32f4xx_hal_rcc.o
 .debug_abbrev  0x000000000000195b      0x1e2 ./Drivers/STM32F4xx_HAL_Driver/Src/stm32f4xx_hal_rcc_ex.o
 .debug_abbrev  0x0000000000001b3d      0x26e ./Drivers/STM32F4xx_HAL_Driver/Src/stm32f4xx_hal_spi.o
 .debug_abbrev  0x0000000000001dab      0x25e ./Drivers/STM32F4xx_HAL_Driver/Src/stm32f4xx_hal_tim.o
 .debug_abbrev  0x0000000000002009      0x2eb ./Drivers/STM32F4xx_HAL_Driver/Src/stm32f4xx_hal_uart.o
 .debug_abbrev  0x00000000000022f4      0x180 ./MyDelay/MyDelay.o

.debug_aranges  0x0000000000000000     0x1190
 .debug_aranges
                0x0000000000000000       0xc8 ./Core/Src/main.o
 .debug_aranges
                0x00000000000000c8       0x70 ./Core/Src/stm32f4xx_hal_msp.o
 .debug_aranges
                0x0000000000000138       0x80 ./Core/Src/stm32f4xx_it.o
 .debug_aranges
                0x00000000000001b8       0x28 ./Core/Src/system_stm32f4xx.o
 .debug_aranges
                0x00000000000001e0       0x28 ./Core/Startup/startup_stm32f446retx.o
 .debug_aranges
                0x0000000000000208       0xf0 ./Drivers/STM32F4xx_HAL_Driver/Src/stm32f4xx_hal.o
 .debug_aranges
                0x00000000000002f8      0x138 ./Drivers/STM32F4xx_HAL_Driver/Src/stm32f4xx_hal_can.o
 .debug_aranges
                0x0000000000000430      0x118 ./Drivers/STM32F4xx_HAL_Driver/Src/stm32f4xx_hal_cortex.o
 .debug_aranges
                0x0000000000000548       0x90 ./Drivers/STM32F4xx_HAL_Driver/Src/stm32f4xx_hal_dma.o
 .debug_aranges
                0x00000000000005d8       0x58 ./Drivers/STM32F4xx_HAL_Driver/Src/stm32f4xx_hal_gpio.o
 .debug_aranges
                0x0000000000000630      0x2a0 ./Drivers/STM32F4xx_HAL_Driver/Src/stm32f4xx_hal_i2c.o
 .debug_aranges
                0x00000000000008d0       0x88 ./Drivers/STM32F4xx_HAL_Driver/Src/stm32f4xx_hal_rcc.o
 .debug_aranges
                0x0000000000000958       0x78 ./Drivers/STM32F4xx_HAL_Driver/Src/stm32f4xx_hal_rcc_ex.o
 .debug_aranges
                0x00000000000009d0      0x1d0 ./Drivers/STM32F4xx_HAL_Driver/Src/stm32f4xx_hal_spi.o
 .debug_aranges
                0x0000000000000ba0      0x3d0 ./Drivers/STM32F4xx_HAL_Driver/Src/stm32f4xx_hal_tim.o
 .debug_aranges
                0x0000000000000f70      0x200 ./Drivers/STM32F4xx_HAL_Driver/Src/stm32f4xx_hal_uart.o
 .debug_aranges
                0x0000000000001170       0x20 ./MyDelay/MyDelay.o

.debug_ranges   0x0000000000000000     0x10e0
 .debug_ranges  0x0000000000000000       0xb8 ./Core/Src/main.o
 .debug_ranges  0x00000000000000b8       0x60 ./Core/Src/stm32f4xx_hal_msp.o
 .debug_ranges  0x0000000000000118       0x70 ./Core/Src/stm32f4xx_it.o
 .debug_ranges  0x0000000000000188       0x18 ./Core/Src/system_stm32f4xx.o
 .debug_ranges  0x00000000000001a0       0x20 ./Core/Startup/startup_stm32f446retx.o
 .debug_ranges  0x00000000000001c0       0xe0 ./Drivers/STM32F4xx_HAL_Driver/Src/stm32f4xx_hal.o
 .debug_ranges  0x00000000000002a0      0x128 ./Drivers/STM32F4xx_HAL_Driver/Src/stm32f4xx_hal_can.o
 .debug_ranges  0x00000000000003c8      0x108 ./Drivers/STM32F4xx_HAL_Driver/Src/stm32f4xx_hal_cortex.o
 .debug_ranges  0x00000000000004d0       0x80 ./Drivers/STM32F4xx_HAL_Driver/Src/stm32f4xx_hal_dma.o
 .debug_ranges  0x0000000000000550       0x48 ./Drivers/STM32F4xx_HAL_Driver/Src/stm32f4xx_hal_gpio.o
 .debug_ranges  0x0000000000000598      0x2b8 ./Drivers/STM32F4xx_HAL_Driver/Src/stm32f4xx_hal_i2c.o
 .debug_ranges  0x0000000000000850       0x78 ./Drivers/STM32F4xx_HAL_Driver/Src/stm32f4xx_hal_rcc.o
 .debug_ranges  0x00000000000008c8       0x68 ./Drivers/STM32F4xx_HAL_Driver/Src/stm32f4xx_hal_rcc_ex.o
 .debug_ranges  0x0000000000000930      0x1c0 ./Drivers/STM32F4xx_HAL_Driver/Src/stm32f4xx_hal_spi.o
 .debug_ranges  0x0000000000000af0      0x3c0 ./Drivers/STM32F4xx_HAL_Driver/Src/stm32f4xx_hal_tim.o
 .debug_ranges  0x0000000000000eb0      0x220 ./Drivers/STM32F4xx_HAL_Driver/Src/stm32f4xx_hal_uart.o
 .debug_ranges  0x00000000000010d0       0x10 ./MyDelay/MyDelay.o

.debug_macro    0x0000000000000000    0x22ef4
 .debug_macro   0x0000000000000000      0x385 ./Core/Src/main.o
 .debug_macro   0x0000000000000385      0xaa8 ./Core/Src/main.o
 .debug_macro   0x0000000000000e2d      0x2ad ./Core/Src/main.o
 .debug_macro   0x00000000000010da       0x2e ./Core/Src/main.o
 .debug_macro   0x0000000000001108       0x28 ./Core/Src/main.o
 .debug_macro   0x0000000000001130       0x22 ./Core/Src/main.o
 .debug_macro   0x0000000000001152       0x8e ./Core/Src/main.o
 .debug_macro   0x00000000000011e0       0x51 ./Core/Src/main.o
 .debug_macro   0x0000000000001231      0x103 ./Core/Src/main.o
 .debug_macro   0x0000000000001334       0x6a ./Core/Src/main.o
 .debug_macro   0x000000000000139e      0x1df ./Core/Src/main.o
 .debug_macro   0x000000000000157d       0x1c ./Core/Src/main.o
 .debug_macro   0x0000000000001599       0x22 ./Core/Src/main.o
 .debug_macro   0x00000000000015bb       0xdf ./Core/Src/main.o
 .debug_macro   0x000000000000169a     0x102d ./Core/Src/main.o
 .debug_macro   0x00000000000026c7      0x11f ./Core/Src/main.o
 .debug_macro   0x00000000000027e6    0x16749 ./Core/Src/main.o
 .debug_macro   0x0000000000018f2f       0x6d ./Core/Src/main.o
 .debug_macro   0x0000000000018f9c     0x3666 ./Core/Src/main.o
 .debug_macro   0x000000000001c602      0x174 ./Core/Src/main.o
 .debug_macro   0x000000000001c776       0x5c ./Core/Src/main.o
 .debug_macro   0x000000000001c7d2      0xc90 ./Core/Src/main.o
 .debug_macro   0x000000000001d462      0x9fe ./Core/Src/main.o
 .debug_macro   0x000000000001de60      0x116 ./Core/Src/main.o
 .debug_macro   0x000000000001df76      0x1a0 ./Core/Src/main.o
 .debug_macro   0x000000000001e116       0xa5 ./Core/Src/main.o
 .debug_macro   0x000000000001e1bb      0x16d ./Core/Src/main.o
 .debug_macro   0x000000000001e328      0x287 ./Core/Src/main.o
 .debug_macro   0x000000000001e5af       0x5f ./Core/Src/main.o
 .debug_macro   0x000000000001e60e      0x236 ./Core/Src/main.o
 .debug_macro   0x000000000001e844      0x40f ./Core/Src/main.o
 .debug_macro   0x000000000001ec53      0x132 ./Core/Src/main.o
 .debug_macro   0x000000000001ed85      0x29c ./Core/Src/main.o
 .debug_macro   0x000000000001f021       0x2e ./Core/Src/main.o
 .debug_macro   0x000000000001f04f      0x1b5 ./Core/Src/main.o
 .debug_macro   0x000000000001f204       0x22 ./Core/Src/main.o
 .debug_macro   0x000000000001f226       0xd6 ./Core/Src/main.o
 .debug_macro   0x000000000001f2fc      0x11a ./Core/Src/main.o
 .debug_macro   0x000000000001f416       0xe8 ./Core/Src/main.o
 .debug_macro   0x000000000001f4fe       0x89 ./Core/Src/main.o
 .debug_macro   0x000000000001f587      0x225 ./Core/Src/main.o
 .debug_macro   0x000000000001f7ac      0x8d1 ./Core/Src/main.o
 .debug_macro   0x000000000002007d       0x4d ./Core/Src/main.o
 .debug_macro   0x00000000000200ca      0x295 ./Core/Src/main.o
 .debug_macro   0x000000000002035f      0x126 ./Core/Src/main.o
 .debug_macro   0x0000000000020485       0x82 ./Core/Src/main.o
 .debug_macro   0x0000000000020507       0x22 ./Core/Src/main.o
 .debug_macro   0x0000000000020529       0x52 ./Core/Src/main.o
 .debug_macro   0x000000000002057b       0x18 ./Core/Src/main.o
 .debug_macro   0x0000000000020593       0x3c ./Core/Src/main.o
 .debug_macro   0x00000000000205cf       0x34 ./Core/Src/main.o
 .debug_macro   0x0000000000020603       0x16 ./Core/Src/main.o
 .debug_macro   0x0000000000020619       0x35 ./Core/Src/main.o
 .debug_macro   0x000000000002064e      0x333 ./Core/Src/main.o
 .debug_macro   0x0000000000020981       0x10 ./Core/Src/main.o
 .debug_macro   0x0000000000020991       0x16 ./Core/Src/main.o
 .debug_macro   0x00000000000209a7       0x43 ./Core/Src/main.o
 .debug_macro   0x00000000000209ea       0x34 ./Core/Src/main.o
 .debug_macro   0x0000000000020a1e       0x10 ./Core/Src/main.o
 .debug_macro   0x0000000000020a2e       0x58 ./Core/Src/main.o
 .debug_macro   0x0000000000020a86       0x71 ./Core/Src/main.o
 .debug_macro   0x0000000000020af7       0x1c ./Core/Src/main.o
 .debug_macro   0x0000000000020b13      0x12a ./Core/Src/main.o
 .debug_macro   0x0000000000020c3d       0x10 ./Core/Src/main.o
 .debug_macro   0x0000000000020c4d       0x1c ./Core/Src/main.o
 .debug_macro   0x0000000000020c69       0x52 ./Core/Src/main.o
 .debug_macro   0x0000000000020cbb       0x22 ./Core/Src/main.o
 .debug_macro   0x0000000000020cdd       0x10 ./Core/Src/main.o
 .debug_macro   0x0000000000020ced       0x40 ./Core/Src/main.o
 .debug_macro   0x0000000000020d2d       0xd5 ./Core/Src/main.o
 .debug_macro   0x0000000000020e02       0x1c ./Core/Src/main.o
 .debug_macro   0x0000000000020e1e       0x3d ./Core/Src/main.o
 .debug_macro   0x0000000000020e5b       0x16 ./Core/Src/main.o
 .debug_macro   0x0000000000020e71      0x145 ./Core/Src/main.o
 .debug_macro   0x0000000000020fb6       0x58 ./Core/Src/main.o
 .debug_macro   0x000000000002100e      0x20a ./Core/Src/stm32f4xx_hal_msp.o
 .debug_macro   0x0000000000021218      0x214 ./Core/Src/stm32f4xx_it.o
 .debug_macro   0x000000000002142c      0x1fb ./Core/Src/system_stm32f4xx.o
 .debug_macro   0x0000000000021627      0x25b ./Drivers/STM32F4xx_HAL_Driver/Src/stm32f4xx_hal.o
 .debug_macro   0x0000000000021882      0x203 ./Drivers/STM32F4xx_HAL_Driver/Src/stm32f4xx_hal_can.o
 .debug_macro   0x0000000000021a85      0x1fb ./Drivers/STM32F4xx_HAL_Driver/Src/stm32f4xx_hal_cortex.o
 .debug_macro   0x0000000000021c80      0x201 ./Drivers/STM32F4xx_HAL_Driver/Src/stm32f4xx_hal_dma.o
 .debug_macro   0x0000000000021e81      0x201 ./Drivers/STM32F4xx_HAL_Driver/Src/stm32f4xx_hal_gpio.o
 .debug_macro   0x0000000000022082      0x242 ./Drivers/STM32F4xx_HAL_Driver/Src/stm32f4xx_hal_i2c.o
 .debug_macro   0x00000000000222c4      0x21f ./Drivers/STM32F4xx_HAL_Driver/Src/stm32f4xx_hal_rcc.o
 .debug_macro   0x00000000000224e3      0x1fb ./Drivers/STM32F4xx_HAL_Driver/Src/stm32f4xx_hal_rcc_ex.o
 .debug_macro   0x00000000000226de      0x20a ./Drivers/STM32F4xx_HAL_Driver/Src/stm32f4xx_hal_spi.o
 .debug_macro   0x00000000000228e8      0x1fc ./Drivers/STM32F4xx_HAL_Driver/Src/stm32f4xx_hal_tim.o
 .debug_macro   0x0000000000022ae4      0x1fc ./Drivers/STM32F4xx_HAL_Driver/Src/stm32f4xx_hal_uart.o
 .debug_macro   0x0000000000022ce0      0x214 ./MyDelay/MyDelay.o

.debug_line     0x0000000000000000    0x14ba0
 .debug_line    0x0000000000000000      0xde7 ./Core/Src/main.o
 .debug_line    0x0000000000000de7      0x943 ./Core/Src/stm32f4xx_hal_msp.o
 .debug_line    0x000000000000172a      0x848 ./Core/Src/stm32f4xx_it.o
 .debug_line    0x0000000000001f72      0x7a7 ./Core/Src/system_stm32f4xx.o
 .debug_line    0x0000000000002719       0x88 ./Core/Startup/startup_stm32f446retx.o
 .debug_line    0x00000000000027a1      0xa0d ./Drivers/STM32F4xx_HAL_Driver/Src/stm32f4xx_hal.o
 .debug_line    0x00000000000031ae     0x1179 ./Drivers/STM32F4xx_HAL_Driver/Src/stm32f4xx_hal_can.o
 .debug_line    0x0000000000004327      0xcbc ./Drivers/STM32F4xx_HAL_Driver/Src/stm32f4xx_hal_cortex.o
 .debug_line    0x0000000000004fe3      0xf72 ./Drivers/STM32F4xx_HAL_Driver/Src/stm32f4xx_hal_dma.o
 .debug_line    0x0000000000005f55      0xb6f ./Drivers/STM32F4xx_HAL_Driver/Src/stm32f4xx_hal_gpio.o
 .debug_line    0x0000000000006ac4     0x39b9 ./Drivers/STM32F4xx_HAL_Driver/Src/stm32f4xx_hal_i2c.o
 .debug_line    0x000000000000a47d      0xd95 ./Drivers/STM32F4xx_HAL_Driver/Src/stm32f4xx_hal_rcc.o
 .debug_line    0x000000000000b212     0x141b ./Drivers/STM32F4xx_HAL_Driver/Src/stm32f4xx_hal_rcc_ex.o
 .debug_line    0x000000000000c62d     0x1c95 ./Drivers/STM32F4xx_HAL_Driver/Src/stm32f4xx_hal_spi.o
 .debug_line    0x000000000000e2c2     0x3701 ./Drivers/STM32F4xx_HAL_Driver/Src/stm32f4xx_hal_tim.o
 .debug_line    0x00000000000119c3     0x2a94 ./Drivers/STM32F4xx_HAL_Driver/Src/stm32f4xx_hal_uart.o
 .debug_line    0x0000000000014457      0x749 ./MyDelay/MyDelay.o

.debug_str      0x0000000000000000    0xd7710
 .debug_str     0x0000000000000000    0xd3776 ./Core/Src/main.o
                                      0xd3c0c (size before relaxing)
 .debug_str     0x00000000000d3776      0x115 ./Core/Src/stm32f4xx_hal_msp.o
                                      0xcf766 (size before relaxing)
 .debug_str     0x00000000000d388b      0x10c ./Core/Src/stm32f4xx_it.o
                                      0xce904 (size before relaxing)
 .debug_str     0x00000000000d3997       0xaf ./Core/Src/system_stm32f4xx.o
                                      0xce22a (size before relaxing)
 .debug_str     0x00000000000d3a46       0x36 ./Core/Startup/startup_stm32f446retx.o
                                         0x85 (size before relaxing)
 .debug_str     0x00000000000d3a7c      0x583 ./Drivers/STM32F4xx_HAL_Driver/Src/stm32f4xx_hal.o
                                      0xced4d (size before relaxing)
 .debug_str     0x00000000000d3fff      0x566 ./Drivers/STM32F4xx_HAL_Driver/Src/stm32f4xx_hal_can.o
                                      0xce911 (size before relaxing)
 .debug_str     0x00000000000d4565      0x399 ./Drivers/STM32F4xx_HAL_Driver/Src/stm32f4xx_hal_cortex.o
                                      0xceb17 (size before relaxing)
 .debug_str     0x00000000000d48fe      0x315 ./Drivers/STM32F4xx_HAL_Driver/Src/stm32f4xx_hal_dma.o
                                      0xce62f (size before relaxing)
 .debug_str     0x00000000000d4c13      0x13a ./Drivers/STM32F4xx_HAL_Driver/Src/stm32f4xx_hal_gpio.o
                                      0xce3d1 (size before relaxing)
 .debug_str     0x00000000000d4d4d      0xab9 ./Drivers/STM32F4xx_HAL_Driver/Src/stm32f4xx_hal_i2c.o
                                      0xcf18c (size before relaxing)
 .debug_str     0x00000000000d5806      0x24e ./Drivers/STM32F4xx_HAL_Driver/Src/stm32f4xx_hal_rcc.o
                                      0xce631 (size before relaxing)
 .debug_str     0x00000000000d5a54      0x324 ./Drivers/STM32F4xx_HAL_Driver/Src/stm32f4xx_hal_rcc_ex.o
                                      0xce68e (size before relaxing)
 .debug_str     0x00000000000d5d78      0x53e ./Drivers/STM32F4xx_HAL_Driver/Src/stm32f4xx_hal_spi.o
                                      0xceaa9 (size before relaxing)
 .debug_str     0x00000000000d62b6      0xe3d ./Drivers/STM32F4xx_HAL_Driver/Src/stm32f4xx_hal_tim.o
                                      0xcf534 (size before relaxing)
 .debug_str     0x00000000000d70f3      0x5f5 ./Drivers/STM32F4xx_HAL_Driver/Src/stm32f4xx_hal_uart.o
                                      0xceb8d (size before relaxing)
 .debug_str     0x00000000000d76e8       0x28 ./MyDelay/MyDelay.o
                                      0xce797 (size before relaxing)

.comment        0x0000000000000000       0x53
 .comment       0x0000000000000000       0x53 ./Core/Src/main.o
                                         0x54 (size before relaxing)
 .comment       0x0000000000000053       0x54 ./Core/Src/stm32f4xx_hal_msp.o
 .comment       0x0000000000000053       0x54 ./Core/Src/stm32f4xx_it.o
 .comment       0x0000000000000053       0x54 ./Core/Src/system_stm32f4xx.o
 .comment       0x0000000000000053       0x54 ./Drivers/STM32F4xx_HAL_Driver/Src/stm32f4xx_hal.o
 .comment       0x0000000000000053       0x54 ./Drivers/STM32F4xx_HAL_Driver/Src/stm32f4xx_hal_can.o
 .comment       0x0000000000000053       0x54 ./Drivers/STM32F4xx_HAL_Driver/Src/stm32f4xx_hal_cortex.o
 .comment       0x0000000000000053       0x54 ./Drivers/STM32F4xx_HAL_Driver/Src/stm32f4xx_hal_dma.o
 .comment       0x0000000000000053       0x54 ./Drivers/STM32F4xx_HAL_Driver/Src/stm32f4xx_hal_gpio.o
 .comment       0x0000000000000053       0x54 ./Drivers/STM32F4xx_HAL_Driver/Src/stm32f4xx_hal_i2c.o
 .comment       0x0000000000000053       0x54 ./Drivers/STM32F4xx_HAL_Driver/Src/stm32f4xx_hal_rcc.o
 .comment       0x0000000000000053       0x54 ./Drivers/STM32F4xx_HAL_Driver/Src/stm32f4xx_hal_rcc_ex.o
 .comment       0x0000000000000053       0x54 ./Drivers/STM32F4xx_HAL_Driver/Src/stm32f4xx_hal_spi.o
 .comment       0x0000000000000053       0x54 ./Drivers/STM32F4xx_HAL_Driver/Src/stm32f4xx_hal_tim.o
 .comment       0x0000000000000053       0x54 ./Drivers/STM32F4xx_HAL_Driver/Src/stm32f4xx_hal_uart.o
 .comment       0x0000000000000053       0x54 ./MyDelay/MyDelay.o

.debug_frame    0x0000000000000000     0x4bdc
 .debug_frame   0x0000000000000000      0x2f4 ./Core/Src/main.o
 .debug_frame   0x00000000000002f4      0x1a8 ./Core/Src/stm32f4xx_hal_msp.o
 .debug_frame   0x000000000000049c      0x174 ./Core/Src/stm32f4xx_it.o
 .debug_frame   0x0000000000000610       0x58 ./Core/Src/system_stm32f4xx.o
 .debug_frame   0x0000000000000668      0x374 ./Drivers/STM32F4xx_HAL_Driver/Src/stm32f4xx_hal.o
 .debug_frame   0x00000000000009dc      0x5a0 ./Drivers/STM32F4xx_HAL_Driver/Src/stm32f4xx_hal_can.o
 .debug_frame   0x0000000000000f7c      0x498 ./Drivers/STM32F4xx_HAL_Driver/Src/stm32f4xx_hal_cortex.o
 .debug_frame   0x0000000000001414      0x250 ./Drivers/STM32F4xx_HAL_Driver/Src/stm32f4xx_hal_dma.o
 .debug_frame   0x0000000000001664      0x14c ./Drivers/STM32F4xx_HAL_Driver/Src/stm32f4xx_hal_gpio.o
 .debug_frame   0x00000000000017b0      0xc5c ./Drivers/STM32F4xx_HAL_Driver/Src/stm32f4xx_hal_i2c.o
 .debug_frame   0x000000000000240c      0x1f0 ./Drivers/STM32F4xx_HAL_Driver/Src/stm32f4xx_hal_rcc.o
 .debug_frame   0x00000000000025fc      0x1e8 ./Drivers/STM32F4xx_HAL_Driver/Src/stm32f4xx_hal_rcc_ex.o
 .debug_frame   0x00000000000027e4      0x824 ./Drivers/STM32F4xx_HAL_Driver/Src/stm32f4xx_hal_spi.o
 .debug_frame   0x0000000000003008     0x11c4 ./Drivers/STM32F4xx_HAL_Driver/Src/stm32f4xx_hal_tim.o
 .debug_frame   0x00000000000041cc      0x92c ./Drivers/STM32F4xx_HAL_Driver/Src/stm32f4xx_hal_uart.o
 .debug_frame   0x0000000000004af8       0x38 ./MyDelay/MyDelay.o
 .debug_frame   0x0000000000004b30       0x2c c:/st/stm32cubeide_1.8.0/stm32cubeide/plugins/com.st.stm32cube.ide.mcu.externaltools.gnu-tools-for-stm32.9-2020-q2-update.win32_2.0.0.202105311346/tools/bin/../lib/gcc/arm-none-eabi/9.3.1/../../../../arm-none-eabi/lib/thumb/v7e-m+fp/hard\libc_nano.a(lib_a-init.o)
 .debug_frame   0x0000000000004b5c       0x20 c:/st/stm32cubeide_1.8.0/stm32cubeide/plugins/com.st.stm32cube.ide.mcu.externaltools.gnu-tools-for-stm32.9-2020-q2-update.win32_2.0.0.202105311346/tools/bin/../lib/gcc/arm-none-eabi/9.3.1/../../../../arm-none-eabi/lib/thumb/v7e-m+fp/hard\libc_nano.a(lib_a-memset.o)
 .debug_frame   0x0000000000004b7c       0x2c c:/st/stm32cubeide_1.8.0/stm32cubeide/plugins/com.st.stm32cube.ide.mcu.externaltools.gnu-tools-for-stm32.9-2020-q2-update.win32_2.0.0.202105311346/tools/bin/../lib/gcc/arm-none-eabi/9.3.1/thumb/v7e-m+fp/hard\libgcc.a(_aeabi_uldivmod.o)
 .debug_frame   0x0000000000004ba8       0x34 c:/st/stm32cubeide_1.8.0/stm32cubeide/plugins/com.st.stm32cube.ide.mcu.externaltools.gnu-tools-for-stm32.9-2020-q2-update.win32_2.0.0.202105311346/tools/bin/../lib/gcc/arm-none-eabi/9.3.1/thumb/v7e-m+fp/hard\libgcc.a(_udivmoddi4.o)
