main.c:85:5:main	8	static
main.c:143:6:SystemClock_Config	88	static
main.c:180:13:MX_CAN1_Init	8	static
main.c:215:13:MX_CAN2_Init	8	static
main.c:250:13:MX_I2C2_Init	8	static
main.c:282:13:MX_SPI2_Init	8	static
main.c:318:13:MX_TIM14_Init	8	static
main.c:347:13:MX_USART2_UART_Init	8	static
main.c:376:13:MX_DMA_Init	16	static
main.c:393:13:MX_GPIO_Init	48	static
main.c:435:6:LedBlink	24	static
main.c:445:6:IS31FL3743B_init	16	static
main.c:475:10:IS31FL3743B_TempStat	16	static
main.c:492:6:IS31FL3743B_SetDotColor	16	static
main.c:526:6:IS31FL3743B_SetFullColor	16	static
main.c:542:6:IS31FL3743B_SetColumnColor	16	static
main.c:547:6:IS31FL3743B_Breathe	16	static
main.c:552:6:IS31FL3743B_Reset	16	static
main.c:562:6:IS31FL3743B_Dumby	16	static
main.c:572:6:HAL_SPI_TxCpltCallback	16	static
main.c:579:6:HAL_GPIO_EXTI_Callback	16	static
main.c:595:6:Error_Handler	4	static,ignoring_inline_asm
